{
  "image_uris": {
    "art_crop": "https://cards.scryfall.io/art_crop/front/b/d/bd8fa327-dd41-4737-8f19-2cf5eb1f7cdd.jpg?1614638838",
    "border_crop": "https://cards.scryfall.io/border_crop/front/b/d/bd8fa327-dd41-4737-8f19-2cf5eb1f7cdd.jpg?1614638838",
    "large": "https://cards.scryfall.io/large/front/b/d/bd8fa327-dd41-4737-8f19-2cf5eb1f7cdd.jpg?1614638838",
    "normal": "https://cards.scryfall.io/normal/front/b/d/bd8fa327-dd41-4737-8f19-2cf5eb1f7cdd.jpg?1614638838",
    "png": "https://cards.scryfall.io/png/front/b/d/bd8fa327-dd41-4737-8f19-2cf5eb1f7cdd.png?1614638838",
    "small": "https://cards.scryfall.io/small/front/b/d/bd8fa327-dd41-4737-8f19-2cf5eb1f7cdd.jpg?1614638838"
  },
  "keywords": [],
  "legalities": {
    "commander": false
  },
  "mana_cost": "{0}",
  "name": "Black Lotus",
  "oracle_text": "{T}, Sacrifice this artifact: Add three mana of any one color.",
  "type_line": "Artifact"
}
